1ae8 start_logger              154 ---- 2026/09/20 18:02:17.517 -------------------------------------------------
1ae8 start_logger              160 Host process is 'cmd.exe' (pid 6888)
1ae8 start_logger              164 DLL path is 'D:\saharalaragon\laragon-6.0-minimal\bin\cmder\vendor\clink'
1ae8 start_logger              178 Windows version 10.0.26200 (x64)
1ae8 start_logger              181 Clink version 1.2.46.69fc92 (x64)
1ae8 hook_setter::hook_setter  156 >>> Started hook transaction.
1ae8 hook_setter::attach_iat   313 Attempting to hook SetEnvironmentVariableW in IAT for module 00007FF70C570000.
1ae8 pe_info::iterate_imports  160 Found import in 'api-ms-win-core-processenvironment-l1-1-0.dll'
1ae8 find_iat                  121 Found import at 00007FF70C5ABE70 (value is 00007FFAB2B1D880).
1ae8 hook_setter::attach_iat   313 Attempting to hook WriteConsoleW in IAT for module 00007FF70C570000.
1ae8 pe_info::iterate_imports  160 Found import in 'api-ms-win-core-console-l1-1-0.dll'
1ae8 find_iat                  121 Found import at 00007FF70C5ABAB8 (value is 00007FFAB2B17C80).
1ae8 hook_setter::attach_iat   313 Attempting to hook GetEnvironmentVariableW in IAT for module 00007FF70C570000.
1ae8 pe_info::iterate_imports  160 Found import in 'api-ms-win-core-processenvironment-l1-1-0.dll'
1ae8 find_iat                  121 Found import at 00007FF70C5ABE50 (value is 00007FFAB2AFE1B0).
1ae8 hook_setter::commit       204 <<< Hook transaction committed.
1ae8 hook_setter::hook_setter  156 >>> Started hook transaction.
1ae8 hook_setter::detach_iat   356 Attempting to unhook 00007FFA54ACADF0 from GetEnvironmentVariableW in IAT for module 00007FF70C570000.
1ae8 pe_info::iterate_imports  160 Found import in 'api-ms-win-core-processenvironment-l1-1-0.dll'
1ae8 find_iat                  121 Found import at 00007FF70C5ABE50 (value is 00007FFA54ACADF0).
1ae8 hook_setter::commit       204 <<< Hook transaction committed.
1ae8 hook_setter::hook_setter  156 >>> Started hook transaction.
1ae8 hook_setter::attach_iat   313 Attempting to hook ReadConsoleW in IAT for module 00007FF70C570000.
1ae8 pe_info::iterate_imports  160 Found import in 'api-ms-win-core-console-l1-1-0.dll'
1ae8 find_iat                  121 Found import at 00007FF70C5ABAC8 (value is 00007FFAB2AFEEF0).
1ae8 hook_setter::commit       204 <<< Hook transaction committed.
1ae8 reset_handle              145 resetting mismatched stdin handle
1ae8 reset_handle              145 resetting mismatched stdout handle
1ae8 reset_handle              145 resetting mismatched stderr handle
1ae8 win_screen_buffer::begin  227 Using native terminal support; found 'ConEmuHk64.dll'.
1ae8 reset_handle              145 resetting mismatched stdout handle
1ae8 reset_handle              145 resetting mismatched stderr handle
1ae8 history_db::initialise   1268 master bank ctag: |CTAG_1663167284_18455859_4204_0
1ae8 history_db::compact      1492 History:  0 active, 0 deleted
1ae8 reset_handle              145 resetting mismatched stdout handle
1ae8 reset_handle              145 resetting mismatched stderr handle
1ae8 history_db::compact      1492 History:  1 active, 0 deleted
